Hmm ... looks like a package
Converting parsed Rd's to LaTeX .
Creating pdf output from LaTeX ...
This is pdfTeX, Version 3.141592653-2.6-1.40.29 (TeX Live 2026) (preloaded format=pdflatex)
 restricted \write18 enabled.
entering extended mode
(./Rd2.tex
LaTeX2e <2026-06-01>
L3 programming layer <2026-05-26>

(c:/Users/PC/AppData/Roaming/TinyTeX/texmf-dist/tex/latex/base/book.cls
Document Class: book 2025/01/22 v1.4n Standard LaTeX document class
(c:/Users/PC/AppData/Roaming/TinyTeX/texmf-dist/tex/latex/base/bk10.clo)) (c:/Program Files/R/R-4.6.0/share/texmf/tex/latex/Rd.sty (c:/Users/PC/AppData/Roaming/TinyTeX/texmf-dist/tex/latex/base/ifthen.sty) (c:/Users/PC/AppData/Roaming/TinyTeX/texmf-dist/tex/generic/iftex/iftex.sty) (c:/Users/PC/AppData/Roaming/TinyTeX/texmf-dist/tex/latex/tools/longtable.sty) (c:/Users/PC/AppData/Roaming/TinyTeX/texmf-dist/tex/latex/tools/bm.sty) (c:/Users/PC/AppData/Roaming/TinyTeX/texmf-dist/tex/latex/base/alltt.sty) (c:/Users/PC/AppData/Roaming/TinyTeX/texmf-dist/tex/latex/tools/verbatim.sty) (c:/Users/PC/AppData/Roaming/TinyTeX/texmf-dist/tex/latex/url/url.sty) (c:/Users/PC/AppData/Roaming/TinyTeX/texmf-dist/tex/latex/base/textcomp.sty) (c:/Users/PC/AppData/Roaming/TinyTeX/texmf-dist/tex/latex/amsmath/amsmath.sty
For additional information on amsmath, use the `?' option.
(c:/Users/PC/AppData/Roaming/TinyTeX/texmf-dist/tex/latex/amsmath/amstext.sty (c:/Users/PC/AppData/Roaming/TinyTeX/texmf-dist/tex/latex/amsmath/amsgen.sty)) (c:/Users/PC/AppData/Roaming/TinyTeX/texmf-dist/tex/latex/amsmath/amsbsy.sty) (c:/Users/PC/AppData/Roaming/TinyTeX/texmf-dist/tex/latex/amsmath/amsopn.sty)) (c:/Users/PC/AppData/Roaming/TinyTeX/texmf-dist/tex/latex/amsfonts/amsfonts.sty) (c:/Users/PC/AppData/Roaming/TinyTeX/texmf-dist/tex/latex/amsfonts/amssymb.sty) (c:/Users/PC/AppData/Roaming/TinyTeX/texmf-dist/tex/latex/amsfonts/eucal.sty) (c:/Users/PC/AppData/Roaming/TinyTeX/texmf-dist/tex/latex/base/fontenc.sty) (c:/Users/PC/AppData/Roaming/TinyTeX/texmf-dist/tex/latex/psnfss/times.sty) (c:/Users/PC/AppData/Roaming/TinyTeX/texmf-dist/tex/latex/inconsolata/zi4.sty `inconsolata-zi4' v1.12, 2019/05/17 Text macros for Inconsolata (msharpe) (c:/Users/PC/AppData/Roaming/TinyTeX/texmf-dist/tex/latex/xkeyval/xkeyval.sty (c:/Users/PC/AppData/Roaming/TinyTeX/texmf-dist/tex/generic/xkeyval/xkeyval.tex (c:/Users/PC/AppData/Roaming/TinyTeX/texmf-dist/tex/generic/xkeyval/xkvutils.tex (c:/Users/PC/AppData/Roaming/TinyTeX/texmf-dist/tex/generic/xkeyval/keyval.tex))))) (c:/Users/PC/AppData/Roaming/TinyTeX/texmf-dist/tex/latex/graphics/color.sty (c:/Users/PC/AppData/Roaming/TinyTeX/texmf-dist/tex/latex/graphics-cfg/color.cfg) (c:/Users/PC/AppData/Roaming/TinyTeX/texmf-dist/tex/latex/graphics-def/pdftex.def) (c:/Users/PC/AppData/Roaming/TinyTeX/texmf-dist/tex/latex/graphics/mathcolor.ltx)) (c:/Users/PC/AppData/Roaming/TinyTeX/texmf-dist/tex/latex/hyperref/hyperref.sty (c:/Users/PC/AppData/Roaming/TinyTeX/texmf-dist/tex/latex/kvsetkeys/kvsetkeys.sty) (c:/Users/PC/AppData/Roaming/TinyTeX/texmf-dist/tex/generic/kvdefinekeys/kvdefinekeys.sty) (c:/Users/PC/AppData/Roaming/TinyTeX/texmf-dist/tex/generic/pdfescape/pdfescape.sty (c:/Users/PC/AppData/Roaming/TinyTeX/texmf-dist/tex/generic/ltxcmds/ltxcmds.sty) (c:/Users/PC/AppData/Roaming/TinyTeX/texmf-dist/tex/generic/pdftexcmds/pdftexcmds.sty (c:/Users/PC/AppData/Roaming/TinyTeX/texmf-dist/tex/generic/infwarerr/infwarerr.sty))) (c:/Users/PC/AppData/Roaming/TinyTeX/texmf-dist/tex/latex/hycolor/hycolor.sty) (c:/Users/PC/AppData/Roaming/TinyTeX/texmf-dist/tex/latex/hyperref/nameref.sty (c:/Users/PC/AppData/Roaming/TinyTeX/texmf-dist/tex/latex/refcount/refcount.sty) (c:/Users/PC/AppData/Roaming/TinyTeX/texmf-dist/tex/generic/gettitlestring/gettitlestring.sty (c:/Users/PC/AppData/Roaming/TinyTeX/texmf-dist/tex/latex/kvoptions/kvoptions.sty))) (c:/Users/PC/AppData/Roaming/TinyTeX/texmf-dist/tex/latex/etoolbox/etoolbox.sty) (c:/Users/PC/AppData/Roaming/TinyTeX/texmf-dist/tex/generic/stringenc/stringenc.sty) (c:/Users/PC/AppData/Roaming/TinyTeX/texmf-dist/tex/latex/hyperref/pd1enc.def) (c:/Users/PC/AppData/Roaming/TinyTeX/texmf-dist/tex/generic/intcalc/intcalc.sty) (c:/Users/PC/AppData/Roaming/TinyTeX/texmf-dist/tex/latex/hyperref/puenc.def) (c:/Users/PC/AppData/Roaming/TinyTeX/texmf-dist/tex/generic/bitset/bitset.sty (c:/Users/PC/AppData/Roaming/TinyTeX/texmf-dist/tex/generic/bigintcalc/bigintcalc.sty))) (c:/Users/PC/AppData/Roaming/TinyTeX/texmf-dist/tex/latex/hyperref/hpdftex.def (c:/Users/PC/AppData/Roaming/TinyTeX/texmf-dist/tex/latex/rerunfilecheck/rerunfilecheck.sty (c:/Users/PC/AppData/Roaming/TinyTeX/texmf-dist/tex/generic/uniquecounter/uniquecounter.sty)))) (c:/Users/PC/AppData/Roaming/TinyTeX/texmf-dist/tex/latex/base/makeidx.sty)
Writing index file Rd2.idx
(c:/Users/PC/AppData/Roaming/TinyTeX/texmf-dist/tex/latex/psnfss/t1ptm.fd) (c:/Users/PC/AppData/Roaming/TinyTeX/texmf-dist/tex/latex/l3backend/l3backend-pdftex.def)
No file Rd2.aux.
(c:/Users/PC/AppData/Roaming/TinyTeX/texmf-dist/tex/latex/psnfss/ts1ptm.fd) (c:/Users/PC/AppData/Roaming/TinyTeX/texmf-dist/tex/latex/inconsolata/t1zi4.fd) (c:/Users/PC/AppData/Roaming/TinyTeX/texmf-dist/tex/latex/amsfonts/umsa.fd) (c:/Users/PC/AppData/Roaming/TinyTeX/texmf-dist/tex/latex/amsfonts/umsb.fd)
No file Rd2.toc.
[1{c:/Users/PC/AppData/Roaming/TinyTeX/texmf-var/fonts/map/pdftex/updmap/pdftex.map}{c:/Users/PC/AppData/Roaming/TinyTeX/texmf-dist/fonts/enc/dvips/base/8r.enc}{c:/Users/PC/AppData/Roaming/TinyTeX/texmf-dist/fonts/enc/dvips/inconsolata/i4-t1-0.enc}]
Overfull \hbox (8.17918pt too wide) in paragraph at lines 64--67
\T1/ptm/m/n/10 the per-sis-tent user data di-rec-tory ([]\T1/zi4/m/n/10 tools::R_user_dir("rcamelspe", "data")[]\T1/ptm/m/n/10 ). 

Overfull \hbox (26.39888pt too wide) in paragraph at lines 102--104
[]\T1/ptm/m/n/10 Default search paths in the cur-rent work-ing di-rec-tory ([]\T1/zi4/m/n/10 raw-data/CAMELS-PE[]\T1/ptm/m/n/10 , []\T1/zi4/m/n/10 data-raw/camels-pe[]\T1/ptm/m/n/10 ,
[2]
Overfull \hbox (16.34872pt too wide) in paragraph at lines 142--147
[]\T1/ptm/m/n/10 Character vec-tor. The at-tributes to load. Can be any com-bi-na-tion of []\T1/zi4/m/n/10 "topographic"[]\T1/ptm/m/n/10 ,

Overfull \hbox (38.49094pt too wide) in paragraph at lines 142--147
[]\T1/zi4/m/n/10 "climatic"[]\T1/ptm/m/n/10 , []\T1/zi4/m/n/10 "geologic"[]\T1/ptm/m/n/10 , []\T1/zi4/m/n/10 "soil"[]\T1/ptm/m/n/10 , []\T1/zi4/m/n/10 "landcover"[]\T1/ptm/m/n/10 , []\T1/zi4/m/n/10 "intervention"[]\T1/ptm/m/n/10 , and []\T1/zi4/m/n/10 "signatures"[]\T1/ptm/m/n/10 ,
[3]
Overfull \hbox (14.2791pt too wide) in paragraph at lines 194--196
[]\T1/ptm/m/n/10 Character. Ei-ther []\T1/zi4/m/n/10 "catchments" []\T1/ptm/m/n/10 to load catch-ment bound-ary poly-gons or []\T1/zi4/m/n/10 "gauges"
[4]
Overfull \hbox (17.79868pt too wide) in paragraph at lines 241--243
[]\T1/ptm/m/n/10 Character. Ei-ther []\T1/zi4/m/n/10 "stations" []\T1/ptm/m/n/10 to load the gaug-ing sta-tion meta-data or []\T1/zi4/m/n/10 "dictionary"

Overfull \hbox (24.68848pt too wide) in paragraph at lines 244--245
[]\T1/ptm/m/n/10 Character vec-tor or []\T1/zi4/m/n/10 NULL[]\T1/ptm/m/n/10 . Op-tional cat-e-gory fil-ter for the dic-tio-nary (e.g. []\T1/zi4/m/n/10 "climatic"[]\T1/ptm/m/n/10 ). 

Overfull \hbox (22.36827pt too wide) in paragraph at lines 246--247
[]\T1/ptm/m/n/10 Character vec-tor or []\T1/zi4/m/n/10 NULL[]\T1/ptm/m/n/10 . Op-tional vari-able fil-ter for the dic-tio-nary (e.g. []\T1/zi4/m/n/10 "flow_obs"[]\T1/ptm/m/n/10 ). 

Overfull \hbox (23.18848pt too wide) in paragraph at lines 248--249
[]\T1/ptm/m/n/10 Character vec-tor or []\T1/zi4/m/n/10 NULL[]\T1/ptm/m/n/10 . Op-tional file fil-ter for the dic-tio-nary (e.g. []\T1/zi4/m/n/10 "stations.csv"[]\T1/ptm/m/n/10 ). 
[5]
Overfull \hbox (23.00847pt too wide) in paragraph at lines 299--303
\T1/ptm/m/n/10 fault), all vari-ables are loaded. Al-lowed vari-ables: []\T1/zi4/m/n/10 "prec"[]\T1/ptm/m/n/10 , []\T1/zi4/m/n/10 "prec_var"[]\T1/ptm/m/n/10 , []\T1/zi4/m/n/10 "flow_obs"[]\T1/ptm/m/n/10 ,
[6] [7] [8] [9]
No file Rd2.ind.
[10] (./Rd2.aux)

Package rerunfilecheck Warning: File `Rd2.out' has changed.
(rerunfilecheck)                Rerun to get outlines right
(rerunfilecheck)                or use package `bookmark'.

 )
(see the transcript file for additional information)<c:/Users/PC/AppData/Roaming/TinyTeX/texmf-dist/fonts/type1/public/inconsolata/Inconsolata-zi4r.pfb><c:/Users/PC/AppData/Roaming/TinyTeX/texmf-dist/fonts/type1/urw/times/utmb8a.pfb><c:/Users/PC/AppData/Roaming/TinyTeX/texmf-dist/fonts/type1/urw/times/utmr8a.pfb><c:/Users/PC/AppData/Roaming/TinyTeX/texmf-dist/fonts/type1/urw/times/utmr8a.pfb><c:/Users/PC/AppData/Roaming/TinyTeX/texmf-dist/fonts/type1/urw/times/utmri8a.pfb>
Output written on Rd2.pdf (10 pages, 90599 bytes).
Transcript written on Rd2.log.
This is makeindex, version 2.18 [TeX Live 2026] (kpathsea + Thai support).
Scanning input file Rd2.idx....done (14 entries accepted, 0 rejected).
Sorting entries....done (52 comparisons).
Generating output file Rd2.ind....done (28 lines written, 0 warnings).
Output written in Rd2.ind.
Transcript written in Rd2.ilg.
This is pdfTeX, Version 3.141592653-2.6-1.40.29 (TeX Live 2026) (preloaded format=pdflatex)
 restricted \write18 enabled.
entering extended mode
(./Rd2.tex
LaTeX2e <2026-06-01>
L3 programming layer <2026-05-26>

(c:/Users/PC/AppData/Roaming/TinyTeX/texmf-dist/tex/latex/base/book.cls
Document Class: book 2025/01/22 v1.4n Standard LaTeX document class
(c:/Users/PC/AppData/Roaming/TinyTeX/texmf-dist/tex/latex/base/bk10.clo)) (c:/Program Files/R/R-4.6.0/share/texmf/tex/latex/Rd.sty (c:/Users/PC/AppData/Roaming/TinyTeX/texmf-dist/tex/latex/base/ifthen.sty) (c:/Users/PC/AppData/Roaming/TinyTeX/texmf-dist/tex/generic/iftex/iftex.sty) (c:/Users/PC/AppData/Roaming/TinyTeX/texmf-dist/tex/latex/tools/longtable.sty) (c:/Users/PC/AppData/Roaming/TinyTeX/texmf-dist/tex/latex/tools/bm.sty) (c:/Users/PC/AppData/Roaming/TinyTeX/texmf-dist/tex/latex/base/alltt.sty) (c:/Users/PC/AppData/Roaming/TinyTeX/texmf-dist/tex/latex/tools/verbatim.sty) (c:/Users/PC/AppData/Roaming/TinyTeX/texmf-dist/tex/latex/url/url.sty) (c:/Users/PC/AppData/Roaming/TinyTeX/texmf-dist/tex/latex/base/textcomp.sty) (c:/Users/PC/AppData/Roaming/TinyTeX/texmf-dist/tex/latex/amsmath/amsmath.sty
For additional information on amsmath, use the `?' option.
(c:/Users/PC/AppData/Roaming/TinyTeX/texmf-dist/tex/latex/amsmath/amstext.sty (c:/Users/PC/AppData/Roaming/TinyTeX/texmf-dist/tex/latex/amsmath/amsgen.sty)) (c:/Users/PC/AppData/Roaming/TinyTeX/texmf-dist/tex/latex/amsmath/amsbsy.sty) (c:/Users/PC/AppData/Roaming/TinyTeX/texmf-dist/tex/latex/amsmath/amsopn.sty)) (c:/Users/PC/AppData/Roaming/TinyTeX/texmf-dist/tex/latex/amsfonts/amsfonts.sty) (c:/Users/PC/AppData/Roaming/TinyTeX/texmf-dist/tex/latex/amsfonts/amssymb.sty) (c:/Users/PC/AppData/Roaming/TinyTeX/texmf-dist/tex/latex/amsfonts/eucal.sty) (c:/Users/PC/AppData/Roaming/TinyTeX/texmf-dist/tex/latex/base/fontenc.sty) (c:/Users/PC/AppData/Roaming/TinyTeX/texmf-dist/tex/latex/psnfss/times.sty) (c:/Users/PC/AppData/Roaming/TinyTeX/texmf-dist/tex/latex/inconsolata/zi4.sty `inconsolata-zi4' v1.12, 2019/05/17 Text macros for Inconsolata (msharpe) (c:/Users/PC/AppData/Roaming/TinyTeX/texmf-dist/tex/latex/xkeyval/xkeyval.sty (c:/Users/PC/AppData/Roaming/TinyTeX/texmf-dist/tex/generic/xkeyval/xkeyval.tex (c:/Users/PC/AppData/Roaming/TinyTeX/texmf-dist/tex/generic/xkeyval/xkvutils.tex (c:/Users/PC/AppData/Roaming/TinyTeX/texmf-dist/tex/generic/xkeyval/keyval.tex))))) (c:/Users/PC/AppData/Roaming/TinyTeX/texmf-dist/tex/latex/graphics/color.sty (c:/Users/PC/AppData/Roaming/TinyTeX/texmf-dist/tex/latex/graphics-cfg/color.cfg) (c:/Users/PC/AppData/Roaming/TinyTeX/texmf-dist/tex/latex/graphics-def/pdftex.def) (c:/Users/PC/AppData/Roaming/TinyTeX/texmf-dist/tex/latex/graphics/mathcolor.ltx)) (c:/Users/PC/AppData/Roaming/TinyTeX/texmf-dist/tex/latex/hyperref/hyperref.sty (c:/Users/PC/AppData/Roaming/TinyTeX/texmf-dist/tex/latex/kvsetkeys/kvsetkeys.sty) (c:/Users/PC/AppData/Roaming/TinyTeX/texmf-dist/tex/generic/kvdefinekeys/kvdefinekeys.sty) (c:/Users/PC/AppData/Roaming/TinyTeX/texmf-dist/tex/generic/pdfescape/pdfescape.sty (c:/Users/PC/AppData/Roaming/TinyTeX/texmf-dist/tex/generic/ltxcmds/ltxcmds.sty) (c:/Users/PC/AppData/Roaming/TinyTeX/texmf-dist/tex/generic/pdftexcmds/pdftexcmds.sty (c:/Users/PC/AppData/Roaming/TinyTeX/texmf-dist/tex/generic/infwarerr/infwarerr.sty))) (c:/Users/PC/AppData/Roaming/TinyTeX/texmf-dist/tex/latex/hycolor/hycolor.sty) (c:/Users/PC/AppData/Roaming/TinyTeX/texmf-dist/tex/latex/hyperref/nameref.sty (c:/Users/PC/AppData/Roaming/TinyTeX/texmf-dist/tex/latex/refcount/refcount.sty) (c:/Users/PC/AppData/Roaming/TinyTeX/texmf-dist/tex/generic/gettitlestring/gettitlestring.sty (c:/Users/PC/AppData/Roaming/TinyTeX/texmf-dist/tex/latex/kvoptions/kvoptions.sty))) (c:/Users/PC/AppData/Roaming/TinyTeX/texmf-dist/tex/latex/etoolbox/etoolbox.sty) (c:/Users/PC/AppData/Roaming/TinyTeX/texmf-dist/tex/generic/stringenc/stringenc.sty) (c:/Users/PC/AppData/Roaming/TinyTeX/texmf-dist/tex/latex/hyperref/pd1enc.def) (c:/Users/PC/AppData/Roaming/TinyTeX/texmf-dist/tex/generic/intcalc/intcalc.sty) (c:/Users/PC/AppData/Roaming/TinyTeX/texmf-dist/tex/latex/hyperref/puenc.def) (c:/Users/PC/AppData/Roaming/TinyTeX/texmf-dist/tex/generic/bitset/bitset.sty (c:/Users/PC/AppData/Roaming/TinyTeX/texmf-dist/tex/generic/bigintcalc/bigintcalc.sty))) (c:/Users/PC/AppData/Roaming/TinyTeX/texmf-dist/tex/latex/hyperref/hpdftex.def (c:/Users/PC/AppData/Roaming/TinyTeX/texmf-dist/tex/latex/rerunfilecheck/rerunfilecheck.sty (c:/Users/PC/AppData/Roaming/TinyTeX/texmf-dist/tex/generic/uniquecounter/uniquecounter.sty)))) (c:/Users/PC/AppData/Roaming/TinyTeX/texmf-dist/tex/latex/base/makeidx.sty)
Writing index file Rd2.idx
(c:/Users/PC/AppData/Roaming/TinyTeX/texmf-dist/tex/latex/psnfss/t1ptm.fd) (c:/Users/PC/AppData/Roaming/TinyTeX/texmf-dist/tex/latex/l3backend/l3backend-pdftex.def) (./Rd2.aux) (./Rd2.out) (./Rd2.out) (c:/Users/PC/AppData/Roaming/TinyTeX/texmf-dist/tex/latex/psnfss/ts1ptm.fd) (c:/Users/PC/AppData/Roaming/TinyTeX/texmf-dist/tex/latex/inconsolata/t1zi4.fd) (c:/Users/PC/AppData/Roaming/TinyTeX/texmf-dist/tex/latex/amsfonts/umsa.fd) (c:/Users/PC/AppData/Roaming/TinyTeX/texmf-dist/tex/latex/amsfonts/umsb.fd) (./Rd2.toc [1{c:/Users/PC/AppData/Roaming/TinyTeX/texmf-var/fonts/map/pdftex/updmap/pdftex.map}{c:/Users/PC/AppData/Roaming/TinyTeX/texmf-dist/fonts/enc/dvips/base/8r.enc}{c:/Users/PC/AppData/Roaming/TinyTeX/texmf-dist/fonts/enc/dvips/inconsolata/i4-t1-0.enc}])
Overfull \hbox (8.17918pt too wide) in paragraph at lines 64--67
\T1/ptm/m/n/10 the per-sis-tent user data di-rec-tory ([]\T1/zi4/m/n/10 tools::R_user_dir("rcamelspe", "data")[]\T1/ptm/m/n/10 ). 
[2]
Overfull \hbox (26.39888pt too wide) in paragraph at lines 102--104
[]\T1/ptm/m/n/10 Default search paths in the cur-rent work-ing di-rec-tory ([]\T1/zi4/m/n/10 raw-data/CAMELS-PE[]\T1/ptm/m/n/10 , []\T1/zi4/m/n/10 data-raw/camels-pe[]\T1/ptm/m/n/10 ,

Overfull \hbox (16.34872pt too wide) in paragraph at lines 142--147
[]\T1/ptm/m/n/10 Character vec-tor. The at-tributes to load. Can be any com-bi-na-tion of []\T1/zi4/m/n/10 "topographic"[]\T1/ptm/m/n/10 ,

Overfull \hbox (38.49094pt too wide) in paragraph at lines 142--147
[]\T1/zi4/m/n/10 "climatic"[]\T1/ptm/m/n/10 , []\T1/zi4/m/n/10 "geologic"[]\T1/ptm/m/n/10 , []\T1/zi4/m/n/10 "soil"[]\T1/ptm/m/n/10 , []\T1/zi4/m/n/10 "landcover"[]\T1/ptm/m/n/10 , []\T1/zi4/m/n/10 "intervention"[]\T1/ptm/m/n/10 , and []\T1/zi4/m/n/10 "signatures"[]\T1/ptm/m/n/10 ,
[3]
Overfull \hbox (14.2791pt too wide) in paragraph at lines 194--196
[]\T1/ptm/m/n/10 Character. Ei-ther []\T1/zi4/m/n/10 "catchments" []\T1/ptm/m/n/10 to load catch-ment bound-ary poly-gons or []\T1/zi4/m/n/10 "gauges"
[4]
Overfull \hbox (17.79868pt too wide) in paragraph at lines 241--243
[]\T1/ptm/m/n/10 Character. Ei-ther []\T1/zi4/m/n/10 "stations" []\T1/ptm/m/n/10 to load the gaug-ing sta-tion meta-data or []\T1/zi4/m/n/10 "dictionary"

Overfull \hbox (24.68848pt too wide) in paragraph at lines 244--245
[]\T1/ptm/m/n/10 Character vec-tor or []\T1/zi4/m/n/10 NULL[]\T1/ptm/m/n/10 . Op-tional cat-e-gory fil-ter for the dic-tio-nary (e.g. []\T1/zi4/m/n/10 "climatic"[]\T1/ptm/m/n/10 ). 

Overfull \hbox (22.36827pt too wide) in paragraph at lines 246--247
[]\T1/ptm/m/n/10 Character vec-tor or []\T1/zi4/m/n/10 NULL[]\T1/ptm/m/n/10 . Op-tional vari-able fil-ter for the dic-tio-nary (e.g. []\T1/zi4/m/n/10 "flow_obs"[]\T1/ptm/m/n/10 ). 

Overfull \hbox (23.18848pt too wide) in paragraph at lines 248--249
[]\T1/ptm/m/n/10 Character vec-tor or []\T1/zi4/m/n/10 NULL[]\T1/ptm/m/n/10 . Op-tional file fil-ter for the dic-tio-nary (e.g. []\T1/zi4/m/n/10 "stations.csv"[]\T1/ptm/m/n/10 ). 
[5]
Overfull \hbox (23.00847pt too wide) in paragraph at lines 299--303
\T1/ptm/m/n/10 fault), all vari-ables are loaded. Al-lowed vari-ables: []\T1/zi4/m/n/10 "prec"[]\T1/ptm/m/n/10 , []\T1/zi4/m/n/10 "prec_var"[]\T1/ptm/m/n/10 , []\T1/zi4/m/n/10 "flow_obs"[]\T1/ptm/m/n/10 ,
[6] [7] [8] [9] (./Rd2.ind [10] [11]) (./Rd2.aux)

Package rerunfilecheck Warning: File `Rd2.out' has changed.
(rerunfilecheck)                Rerun to get outlines right
(rerunfilecheck)                or use package `bookmark'.

 )
(see the transcript file for additional information)<c:/Users/PC/AppData/Roaming/TinyTeX/texmf-dist/fonts/type1/public/inconsolata/Inconsolata-zi4r.pfb><c:/Users/PC/AppData/Roaming/TinyTeX/texmf-dist/fonts/type1/urw/times/utmb8a.pfb><c:/Users/PC/AppData/Roaming/TinyTeX/texmf-dist/fonts/type1/urw/times/utmr8a.pfb><c:/Users/PC/AppData/Roaming/TinyTeX/texmf-dist/fonts/type1/urw/times/utmr8a.pfb><c:/Users/PC/AppData/Roaming/TinyTeX/texmf-dist/fonts/type1/urw/times/utmri8a.pfb>
Output written on Rd2.pdf (11 pages, 93809 bytes).
Transcript written on Rd2.log.
This is makeindex, version 2.18 [TeX Live 2026] (kpathsea + Thai support).
Scanning input file Rd2.idx....done (14 entries accepted, 0 rejected).
Sorting entries....done (52 comparisons).
Generating output file Rd2.ind....done (28 lines written, 0 warnings).
Output written in Rd2.ind.
Transcript written in Rd2.ilg.
This is pdfTeX, Version 3.141592653-2.6-1.40.29 (TeX Live 2026) (preloaded format=pdflatex)
 restricted \write18 enabled.
entering extended mode
(./Rd2.tex
LaTeX2e <2026-06-01>
L3 programming layer <2026-05-26>

(c:/Users/PC/AppData/Roaming/TinyTeX/texmf-dist/tex/latex/base/book.cls
Document Class: book 2025/01/22 v1.4n Standard LaTeX document class
(c:/Users/PC/AppData/Roaming/TinyTeX/texmf-dist/tex/latex/base/bk10.clo)) (c:/Program Files/R/R-4.6.0/share/texmf/tex/latex/Rd.sty (c:/Users/PC/AppData/Roaming/TinyTeX/texmf-dist/tex/latex/base/ifthen.sty) (c:/Users/PC/AppData/Roaming/TinyTeX/texmf-dist/tex/generic/iftex/iftex.sty) (c:/Users/PC/AppData/Roaming/TinyTeX/texmf-dist/tex/latex/tools/longtable.sty) (c:/Users/PC/AppData/Roaming/TinyTeX/texmf-dist/tex/latex/tools/bm.sty) (c:/Users/PC/AppData/Roaming/TinyTeX/texmf-dist/tex/latex/base/alltt.sty) (c:/Users/PC/AppData/Roaming/TinyTeX/texmf-dist/tex/latex/tools/verbatim.sty) (c:/Users/PC/AppData/Roaming/TinyTeX/texmf-dist/tex/latex/url/url.sty) (c:/Users/PC/AppData/Roaming/TinyTeX/texmf-dist/tex/latex/base/textcomp.sty) (c:/Users/PC/AppData/Roaming/TinyTeX/texmf-dist/tex/latex/amsmath/amsmath.sty
For additional information on amsmath, use the `?' option.
(c:/Users/PC/AppData/Roaming/TinyTeX/texmf-dist/tex/latex/amsmath/amstext.sty (c:/Users/PC/AppData/Roaming/TinyTeX/texmf-dist/tex/latex/amsmath/amsgen.sty)) (c:/Users/PC/AppData/Roaming/TinyTeX/texmf-dist/tex/latex/amsmath/amsbsy.sty) (c:/Users/PC/AppData/Roaming/TinyTeX/texmf-dist/tex/latex/amsmath/amsopn.sty)) (c:/Users/PC/AppData/Roaming/TinyTeX/texmf-dist/tex/latex/amsfonts/amsfonts.sty) (c:/Users/PC/AppData/Roaming/TinyTeX/texmf-dist/tex/latex/amsfonts/amssymb.sty) (c:/Users/PC/AppData/Roaming/TinyTeX/texmf-dist/tex/latex/amsfonts/eucal.sty) (c:/Users/PC/AppData/Roaming/TinyTeX/texmf-dist/tex/latex/base/fontenc.sty) (c:/Users/PC/AppData/Roaming/TinyTeX/texmf-dist/tex/latex/psnfss/times.sty) (c:/Users/PC/AppData/Roaming/TinyTeX/texmf-dist/tex/latex/inconsolata/zi4.sty `inconsolata-zi4' v1.12, 2019/05/17 Text macros for Inconsolata (msharpe) (c:/Users/PC/AppData/Roaming/TinyTeX/texmf-dist/tex/latex/xkeyval/xkeyval.sty (c:/Users/PC/AppData/Roaming/TinyTeX/texmf-dist/tex/generic/xkeyval/xkeyval.tex (c:/Users/PC/AppData/Roaming/TinyTeX/texmf-dist/tex/generic/xkeyval/xkvutils.tex (c:/Users/PC/AppData/Roaming/TinyTeX/texmf-dist/tex/generic/xkeyval/keyval.tex))))) (c:/Users/PC/AppData/Roaming/TinyTeX/texmf-dist/tex/latex/graphics/color.sty (c:/Users/PC/AppData/Roaming/TinyTeX/texmf-dist/tex/latex/graphics-cfg/color.cfg) (c:/Users/PC/AppData/Roaming/TinyTeX/texmf-dist/tex/latex/graphics-def/pdftex.def) (c:/Users/PC/AppData/Roaming/TinyTeX/texmf-dist/tex/latex/graphics/mathcolor.ltx)) (c:/Users/PC/AppData/Roaming/TinyTeX/texmf-dist/tex/latex/hyperref/hyperref.sty (c:/Users/PC/AppData/Roaming/TinyTeX/texmf-dist/tex/latex/kvsetkeys/kvsetkeys.sty) (c:/Users/PC/AppData/Roaming/TinyTeX/texmf-dist/tex/generic/kvdefinekeys/kvdefinekeys.sty) (c:/Users/PC/AppData/Roaming/TinyTeX/texmf-dist/tex/generic/pdfescape/pdfescape.sty (c:/Users/PC/AppData/Roaming/TinyTeX/texmf-dist/tex/generic/ltxcmds/ltxcmds.sty) (c:/Users/PC/AppData/Roaming/TinyTeX/texmf-dist/tex/generic/pdftexcmds/pdftexcmds.sty (c:/Users/PC/AppData/Roaming/TinyTeX/texmf-dist/tex/generic/infwarerr/infwarerr.sty))) (c:/Users/PC/AppData/Roaming/TinyTeX/texmf-dist/tex/latex/hycolor/hycolor.sty) (c:/Users/PC/AppData/Roaming/TinyTeX/texmf-dist/tex/latex/hyperref/nameref.sty (c:/Users/PC/AppData/Roaming/TinyTeX/texmf-dist/tex/latex/refcount/refcount.sty) (c:/Users/PC/AppData/Roaming/TinyTeX/texmf-dist/tex/generic/gettitlestring/gettitlestring.sty (c:/Users/PC/AppData/Roaming/TinyTeX/texmf-dist/tex/latex/kvoptions/kvoptions.sty))) (c:/Users/PC/AppData/Roaming/TinyTeX/texmf-dist/tex/latex/etoolbox/etoolbox.sty) (c:/Users/PC/AppData/Roaming/TinyTeX/texmf-dist/tex/generic/stringenc/stringenc.sty) (c:/Users/PC/AppData/Roaming/TinyTeX/texmf-dist/tex/latex/hyperref/pd1enc.def) (c:/Users/PC/AppData/Roaming/TinyTeX/texmf-dist/tex/generic/intcalc/intcalc.sty) (c:/Users/PC/AppData/Roaming/TinyTeX/texmf-dist/tex/latex/hyperref/puenc.def) (c:/Users/PC/AppData/Roaming/TinyTeX/texmf-dist/tex/generic/bitset/bitset.sty (c:/Users/PC/AppData/Roaming/TinyTeX/texmf-dist/tex/generic/bigintcalc/bigintcalc.sty))) (c:/Users/PC/AppData/Roaming/TinyTeX/texmf-dist/tex/latex/hyperref/hpdftex.def (c:/Users/PC/AppData/Roaming/TinyTeX/texmf-dist/tex/latex/rerunfilecheck/rerunfilecheck.sty (c:/Users/PC/AppData/Roaming/TinyTeX/texmf-dist/tex/generic/uniquecounter/uniquecounter.sty)))) (c:/Users/PC/AppData/Roaming/TinyTeX/texmf-dist/tex/latex/base/makeidx.sty)
Writing index file Rd2.idx
(c:/Users/PC/AppData/Roaming/TinyTeX/texmf-dist/tex/latex/psnfss/t1ptm.fd) (c:/Users/PC/AppData/Roaming/TinyTeX/texmf-dist/tex/latex/l3backend/l3backend-pdftex.def) (./Rd2.aux) (./Rd2.out) (./Rd2.out) (c:/Users/PC/AppData/Roaming/TinyTeX/texmf-dist/tex/latex/psnfss/ts1ptm.fd) (c:/Users/PC/AppData/Roaming/TinyTeX/texmf-dist/tex/latex/inconsolata/t1zi4.fd) (c:/Users/PC/AppData/Roaming/TinyTeX/texmf-dist/tex/latex/amsfonts/umsa.fd) (c:/Users/PC/AppData/Roaming/TinyTeX/texmf-dist/tex/latex/amsfonts/umsb.fd) (./Rd2.toc [1{c:/Users/PC/AppData/Roaming/TinyTeX/texmf-var/fonts/map/pdftex/updmap/pdftex.map}{c:/Users/PC/AppData/Roaming/TinyTeX/texmf-dist/fonts/enc/dvips/base/8r.enc}{c:/Users/PC/AppData/Roaming/TinyTeX/texmf-dist/fonts/enc/dvips/inconsolata/i4-t1-0.enc}])
Overfull \hbox (8.17918pt too wide) in paragraph at lines 64--67
\T1/ptm/m/n/10 the per-sis-tent user data di-rec-tory ([]\T1/zi4/m/n/10 tools::R_user_dir("rcamelspe", "data")[]\T1/ptm/m/n/10 ). 
[2]
Overfull \hbox (26.39888pt too wide) in paragraph at lines 102--104
[]\T1/ptm/m/n/10 Default search paths in the cur-rent work-ing di-rec-tory ([]\T1/zi4/m/n/10 raw-data/CAMELS-PE[]\T1/ptm/m/n/10 , []\T1/zi4/m/n/10 data-raw/camels-pe[]\T1/ptm/m/n/10 ,

Overfull \hbox (16.34872pt too wide) in paragraph at lines 142--147
[]\T1/ptm/m/n/10 Character vec-tor. The at-tributes to load. Can be any com-bi-na-tion of []\T1/zi4/m/n/10 "topographic"[]\T1/ptm/m/n/10 ,

Overfull \hbox (38.49094pt too wide) in paragraph at lines 142--147
[]\T1/zi4/m/n/10 "climatic"[]\T1/ptm/m/n/10 , []\T1/zi4/m/n/10 "geologic"[]\T1/ptm/m/n/10 , []\T1/zi4/m/n/10 "soil"[]\T1/ptm/m/n/10 , []\T1/zi4/m/n/10 "landcover"[]\T1/ptm/m/n/10 , []\T1/zi4/m/n/10 "intervention"[]\T1/ptm/m/n/10 , and []\T1/zi4/m/n/10 "signatures"[]\T1/ptm/m/n/10 ,
[3]
Overfull \hbox (14.2791pt too wide) in paragraph at lines 194--196
[]\T1/ptm/m/n/10 Character. Ei-ther []\T1/zi4/m/n/10 "catchments" []\T1/ptm/m/n/10 to load catch-ment bound-ary poly-gons or []\T1/zi4/m/n/10 "gauges"
[4]
Overfull \hbox (17.79868pt too wide) in paragraph at lines 241--243
[]\T1/ptm/m/n/10 Character. Ei-ther []\T1/zi4/m/n/10 "stations" []\T1/ptm/m/n/10 to load the gaug-ing sta-tion meta-data or []\T1/zi4/m/n/10 "dictionary"

Overfull \hbox (24.68848pt too wide) in paragraph at lines 244--245
[]\T1/ptm/m/n/10 Character vec-tor or []\T1/zi4/m/n/10 NULL[]\T1/ptm/m/n/10 . Op-tional cat-e-gory fil-ter for the dic-tio-nary (e.g. []\T1/zi4/m/n/10 "climatic"[]\T1/ptm/m/n/10 ). 

Overfull \hbox (22.36827pt too wide) in paragraph at lines 246--247
[]\T1/ptm/m/n/10 Character vec-tor or []\T1/zi4/m/n/10 NULL[]\T1/ptm/m/n/10 . Op-tional vari-able fil-ter for the dic-tio-nary (e.g. []\T1/zi4/m/n/10 "flow_obs"[]\T1/ptm/m/n/10 ). 

Overfull \hbox (23.18848pt too wide) in paragraph at lines 248--249
[]\T1/ptm/m/n/10 Character vec-tor or []\T1/zi4/m/n/10 NULL[]\T1/ptm/m/n/10 . Op-tional file fil-ter for the dic-tio-nary (e.g. []\T1/zi4/m/n/10 "stations.csv"[]\T1/ptm/m/n/10 ). 
[5]
Overfull \hbox (23.00847pt too wide) in paragraph at lines 299--303
\T1/ptm/m/n/10 fault), all vari-ables are loaded. Al-lowed vari-ables: []\T1/zi4/m/n/10 "prec"[]\T1/ptm/m/n/10 , []\T1/zi4/m/n/10 "prec_var"[]\T1/ptm/m/n/10 , []\T1/zi4/m/n/10 "flow_obs"[]\T1/ptm/m/n/10 ,
[6] [7] [8] [9] (./Rd2.ind [10] [11]) (./Rd2.aux) )
(see the transcript file for additional information)<c:/Users/PC/AppData/Roaming/TinyTeX/texmf-dist/fonts/type1/public/inconsolata/Inconsolata-zi4r.pfb><c:/Users/PC/AppData/Roaming/TinyTeX/texmf-dist/fonts/type1/urw/times/utmb8a.pfb><c:/Users/PC/AppData/Roaming/TinyTeX/texmf-dist/fonts/type1/urw/times/utmr8a.pfb><c:/Users/PC/AppData/Roaming/TinyTeX/texmf-dist/fonts/type1/urw/times/utmr8a.pfb><c:/Users/PC/AppData/Roaming/TinyTeX/texmf-dist/fonts/type1/urw/times/utmri8a.pfb>
Output written on Rd2.pdf (11 pages, 94024 bytes).
Transcript written on Rd2.log.
Saving output to 'rcamelspe-manual.pdf' ...
Done
You may want to clean up by 'rm -Rf C:/Users/PC/AppData/Local/Temp/RtmpmSNmW0/Rd2pdf25b0175c7dea'
